[2026-01-09T00:00:01+05:00] ==========================================
[2026-01-09T00:00:01+05:00] ==========================================
[2026-01-09T00:00:01+05:00] Starting archive process...
[2026-01-09T00:00:01+05:00] Starting archive process...
[2026-01-09T00:00:01+05:00] Archive folder: /home/salim/Desktop/hackathon0/AI_EMPLOYEE_VAULT/Archive/2026-01
[2026-01-09T00:00:01+05:00] Archive folder: /home/salim/Desktop/hackathon0/AI_EMPLOYEE_VAULT/Archive/2026-01
[2026-01-09T00:00:01+05:00] Step 1: Archiving Done/ items older than 7 days...
[2026-01-09T00:00:01+05:00] Step 1: Archiving Done/ items older than 7 days...
[2026-01-09T00:00:01+05:00] Archived 0 items from Done/
[2026-01-09T00:00:01+05:00] Archived 0 items from Done/
[2026-01-09T00:00:01+05:00] Step 2: Cleaning up Inbox files older than 1 day...
[2026-01-09T00:00:01+05:00] Step 2: Cleaning up Inbox files older than 1 day...
[2026-01-09T00:00:01+05:00] Cleaned 0 files from Inbox/
[2026-01-09T00:00:01+05:00] Cleaned 0 files from Inbox/
[2026-01-09T00:00:01+05:00] Final state:
[2026-01-09T00:00:01+05:00] Final state:
[2026-01-09T00:00:01+05:00]   Inbox: 19 files
[2026-01-09T00:00:01+05:00]   Inbox: 19 files
[2026-01-09T00:00:01+05:00]   Needs_Action: 1 items
[2026-01-09T00:00:01+05:00]   Needs_Action: 1 items
[2026-01-09T00:00:01+05:00]   Done: 39 items
[2026-01-09T00:00:01+05:00]   Done: 39 items
[2026-01-09T00:00:01+05:00]   Archive (2026-01): 0 items
[2026-01-09T00:00:01+05:00]   Archive (2026-01): 0 items
[2026-01-09T00:00:01+05:00] Archive complete!
[2026-01-09T00:00:01+05:00] Archive complete!
[2026-01-09T00:00:01+05:00] ==========================================
[2026-01-09T00:00:01+05:00] ==========================================
