[2026-01-10T21:10:14+05:00] ==========================================
[2026-01-10T21:10:14+05:00] Starting queue processing...
[2026-01-10T21:10:14+05:00] Repository root: /home/salim/Desktop/hackathon0
[2026-01-10T21:10:14+05:00] Vault: /home/salim/Desktop/hackathon0/AI_EMPLOYEE_VAULT
[2026-01-10T21:10:14+05:00] Pending items in queue: 0
[2026-01-10T21:10:14+05:00] No items to process. Exiting.
[2026-01-10T21:31:02+05:00] ==========================================
[2026-01-10T21:31:02+05:00] Starting queue processing...
[2026-01-10T21:31:02+05:00] Repository root: /home/salim/Desktop/hackathon0
[2026-01-10T21:31:02+05:00] Vault: /home/salim/Desktop/hackathon0/AI_EMPLOYEE_VAULT
[2026-01-10T21:31:02+05:00] Pending items in queue: 1
[2026-01-10T21:31:02+05:00] Step 1: Running triage-needs-action skill...
[2026-01-10T21:32:23+05:00] Triage complete.
[2026-01-10T21:32:23+05:00] Step 2: Running execute-task skill...
[2026-01-10T21:33:32+05:00] Execution complete.
[2026-01-10T21:33:32+05:00] Step 3: Updating dashboard...
[2026-01-10T21:34:36+05:00] Processing complete!
[2026-01-10T21:34:36+05:00] Done folder: 7 items
[2026-01-10T21:34:36+05:00] Remaining in queue: 0 items
[2026-01-10T21:34:36+05:00] ==========================================
[2026-01-10T22:00:11+05:00] ==========================================
[2026-01-10T22:00:11+05:00] Starting queue processing...
[2026-01-10T22:00:11+05:00] Repository root: /home/salim/Desktop/hackathon0
[2026-01-10T22:00:11+05:00] Vault: /home/salim/Desktop/hackathon0/AI_EMPLOYEE_VAULT
[2026-01-10T22:00:11+05:00] Pending items in queue: 2
[2026-01-10T22:00:11+05:00] Step 1: Running triage-needs-action skill...
[2026-01-10T22:01:55+05:00] Triage complete.
[2026-01-10T22:01:55+05:00] Step 2: Running execute-task skill...
[2026-01-10T22:05:01+05:00] Execution complete.
[2026-01-10T22:05:01+05:00] Step 3: Updating dashboard...
[2026-01-10T22:06:12+05:00] Processing complete!
[2026-01-10T22:06:12+05:00] Done folder: 11 items
[2026-01-10T22:06:12+05:00] Remaining in queue: 0 items
[2026-01-10T22:06:12+05:00] ==========================================
